mvnd : Jul 24, 2026 8:48:11 AM org.jline.utils.Log logr
所在位置 行:1 字符: 256
+ ... ow\backend; mvnd compile -pl oa-api,notice-service,flow-service,atten ...
+                 ~~~~~~~~~~~~~~~~~~~~~~~~~~~~~~~~~~~~~~~~~~~~~~~~~~~~~~~~~
    + CategoryInfo          : NotSpecified: (Jul 24, 2026 8:....utils.Log logr:String) [], RemoteException
    + FullyQualifiedErrorId : NativeCommandError
 
WARNING: Unable to create a system terminal, creating a dumb terminal (enable debug logging for more information)
[main] WARNING org.jline - Unable to create a system terminal, creating a dumb terminal (enable debug logging for more 
information)
[INFO] Processing build on daemon 61351cc0
[INFO] Scanning for projects...
[INFO] BuildTimeEventSpy is registered.
[INFO] ------------------------------------------------------------------------
[INFO] Reactor Build Order:
[INFO] 
[INFO] oa-api                                                             [jar]
[INFO] user-service                                                       [jar]
[INFO] attendance-service                                                 [jar]
[INFO] flow-service                                                       [jar]
[oa-api] [INFO] notice-service                                                     [jar]
[oa-api] [INFO] 
[oa-api] [INFO] Using the SmartBuilder implementation with a thread count of 11
[oa-api] [INFO] 
[oa-api] [INFO] -----------------------< com.officeflow:oa-api >------------------------
[oa-api] [INFO] Building oa-api 1.0.0                                              [1/5]
[oa-api] [INFO]   from pom.xml
[oa-api] [INFO] --------------------------------[ jar ]---------------------------------
[user-service] [INFO] 
[user-service] [INFO] --------------------< com.officeflow:user-service >---------------------
[user-service] [INFO] Building user-service 1.0.0                                        [2/5]
[user-service] [INFO]   from C:\Users\71756\IdeaProjects\OfficeFlow\backend\user-service\pom.xml
[user-service] [INFO] --------------------------------[ jar ]---------------------------------
[oa-api] [INFO] 
[oa-api] [INFO] --- resources:3.3.1:resources (default-resources) @ oa-api ---
[oa-api] [INFO] skip non existing resourceDirectory C:\Users\71756\IdeaProjects\OfficeFlow\backend\oa-api\src\main\resources
[oa-api] [INFO] 
[oa-api] [INFO] --- compiler:3.13.0:compile (default-compile) @ oa-api ---
[oa-api] [WARNING]  Parameter 'compilerVersion' (user property 'maven.compiler.compilerVersion') is deprecated: This parameter is no longer evaluated by the underlying compilers, instead the actual version of the javac binary is automatically retrieved.
[oa-api] [INFO] Nothing to compile - all classes are up to date.
[notice-service] [INFO] 
[notice-service] [INFO] -------------------< com.officeflow:notice-service >--------------------
[notice-service] [INFO] Building notice-service 1.0.0                                      [3/5]
[notice-service] [INFO]   from C:\Users\71756\IdeaProjects\OfficeFlow\backend\notice-service\pom.xml
[notice-service] [INFO] --------------------------------[ jar ]---------------------------------
[attendance-service] [INFO] 
[attendance-service] [INFO] -----------------< com.officeflow:attendance-service >------------------
[attendance-service] [INFO] Building attendance-service 1.0.0                                  [4/5]
[attendance-service] [INFO]   from C:\Users\71756\IdeaProjects\OfficeFlow\backend\attendance-service\pom.xml
[attendance-service] [INFO] --------------------------------[ jar ]---------------------------------
[flow-service] [INFO] 
[flow-service] [INFO] --------------------< com.officeflow:flow-service >---------------------
[flow-service] [INFO] Building flow-service 1.0.0                                        [5/5]
[flow-service] [INFO]   from C:\Users\71756\IdeaProjects\OfficeFlow\backend\flow-service\pom.xml
[flow-service] [INFO] --------------------------------[ jar ]---------------------------------
[user-service] [INFO] 
[user-service] [INFO] --- resources:3.3.1:resources (default-resources) @ user-service ---
[user-service] [INFO] Copying 1 resource from src\main\resources to target\classes
[user-service] [INFO] 
[user-service] [INFO] --- compiler:3.13.0:compile (default-compile) @ user-service ---
[user-service] [WARNING]  Parameter 'compilerVersion' (user property 'maven.compiler.compilerVersion') is deprecated: This parameter is no longer evaluated by the underlying compilers, instead the actual version of the javac binary is automatically retrieved.
[attendance-service] [INFO] 
[attendance-service] [INFO] --- resources:3.3.1:resources (default-resources) @ attendance-service ---
[attendance-service] [INFO] Copying 1 resource from src\main\resources to target\classes
[attendance-service] [INFO] 
[attendance-service] [INFO] --- compiler:3.13.0:compile (default-compile) @ attendance-service ---
[attendance-service] [WARNING]  Parameter 'compilerVersion' (user property 'maven.compiler.compilerVersion') is deprecated: This parameter is no longer evaluated by the underlying compilers, instead the actual version of the javac binary is automatically retrieved.
[user-service] [INFO] Nothing to compile - all classes are up to date.
[attendance-service] [INFO] Nothing to compile - all classes are up to date.
[notice-service] [INFO] 
[notice-service] [INFO] --- resources:3.3.1:resources (default-resources) @ notice-service ---
[notice-service] [INFO] Copying 5 resources from src\main\resources to target\classes
[notice-service] [INFO] 
[notice-service] [INFO] --- compiler:3.13.0:compile (default-compile) @ notice-service ---
[notice-service] [WARNING]  Parameter 'compilerVersion' (user property 'maven.compiler.compilerVersion') is deprecated: This parameter is no longer evaluated by the underlying compilers, instead the actual version of the javac binary is automatically retrieved.
[flow-service] [INFO] 
[flow-service] [INFO] --- resources:3.3.1:resources (default-resources) @ flow-service ---
[flow-service] [INFO] Copying 5 resources from src\main\resources to target\classes
[flow-service] [INFO] 
[flow-service] [INFO] --- compiler:3.13.0:compile (default-compile) @ flow-service ---
[flow-service] [WARNING]  Parameter 'compilerVersion' (user property 'maven.compiler.compilerVersion') is deprecated: This parameter is no longer evaluated by the underlying compilers, instead the actual version of the javac binary is automatically retrieved.
[notice-service] [INFO] Nothing to compile - all classes are up to date.
[flow-service] [INFO] Nothing to compile - all classes are up to date.
[INFO] ------------------------------------------------------------------------
[INFO] Average project wall time: 0.00s
[INFO] Total concurrency: 25%
[INFO] Bottleneck projects that decrease concurrency: (run build with -Dsmartbuilder.profiling=true for further details)
[INFO] 	- com.officeflow:flow-service:1.0.0
[INFO] ------------------------------------------------------------------------
[INFO] Reactor Summary for oa-api 1.0.0:
[INFO] 
[INFO] oa-api ............................................. SUCCESS [  0.238 s]
[INFO] user-service ....................................... SUCCESS [  0.441 s]
[INFO] attendance-service ................................. SUCCESS [  0.207 s]
[INFO] flow-service ....................................... SUCCESS [  0.278 s]
[INFO] notice-service ..................................... SUCCESS [  0.267 s]
[INFO] ------------------------------------------------------------------------
[INFO] BUILD SUCCESS
[INFO] ------------------------------------------------------------------------
[INFO] Total time:  0.555 s (Wall Clock)
[INFO] Finished at: 2026-07-24T08:48:12+08:00
[INFO] ------------------------------------------------------------------------
